dbradby = Daniel Bradby <daniel@dbradby.net>
eu = Eugene Kuleshov <ekuleshov@gmail.com>
markphip = Mark Phippard <markphip@gmail.com>
jfrank = Joshua Frankamp <frankamp@gmail.com>
cchab = Chabanois Cédric <cchabanois@gmail.com>
Zombie = Steve Chuangh <chuanghs@gmail.com>
dlr = Daniel Rall <dlr@finemaltcoding.com>
paulthiel = Paul Thiel <pjthiel@gmail.com>
gimenete = Alberto Gimeno <gimenete@gmail.com>
brockj = Brock Janiczak <brockj@gmail.com>
zombie = Steve Chuangh <chuanghs@gmail.com>
mml = McClain Looney <mml@tigris.org>
jespersm = Jesper Steen Møller <jesper@selskabet.org>
selsemore = Steve Elsemore <azulfool@gmail.com>
letenay = Martin Letenay <mle@whitestein.com>
no-author = no-author <no-author@tigris.org>
markus_heiden = Markus Heiden <markus@markusheiden.de>
costamojan = Daniel Kasmeroglu <daniel.kasmeroglu@kasisoft.net>
pkorros = Panagiotis Korros <panagiotis.korros@gmail.com>
yakko = Yae Suzuki <yae_suzu@ybb.ne.jp>
jpfiset = Jean-Pierre Fiset <jp@fiset.ca>
schatz = Phillip Schatz <schatzp@purdue.edu>
root = root <root@tigris.org>
fcoffee = fcoffee <fcoffee@gmail.com>
